// 重构日志: 05cf4ec3
// 重构日志: 38fae8f0
// 重构日志: 0b3e3ed3
// 重构日志: 51949d8f
// 重构日志: baff36d1
// 重构日志: 74c09b94
// 同步 ID: dfa586d3 @ Mon Jul 27 11:53:28 UTC 2026
// 重构日志: 6ca1fb75
// 同步 ID: ec13f276 @ Mon Jul 27 17:50:59 UTC 2026
// 重构日志: 51f6f026
// 重构日志: 0577cfff
// 重构日志: 63fbaf3f
// 同步 ID: 6b652988 @ Wed Jul 29 03:57:33 UTC 2026
// 同步 ID: fa37ffed @ Wed Jul 29 10:20:24 UTC 2026
// 重构日志: 28f51fc5
// 重构日志: 8452cce6
// 重构日志: 88f7015d
// 同步 ID: 2f2be18b @ Fri Jul 31 07:58:21 UTC 2026
// 重构日志: 4e99cece
// 同步 ID: c7a42c3f @ Fri Jul 31 18:49:53 UTC 2026
// 同步 ID: b2d74456 @ Sat Aug  1 00:53:34 UTC 2026
// 重构日志: 2c7c1e3f
// 重构日志: b3f4c70a
// 重构日志: f924c09f
// 同步 ID: 8ba01a7e @ Sun Aug  2 04:04:55 UTC 2026
// 同步 ID: 603d34bf @ Sun Aug  2 07:29:05 UTC 2026
// 同步 ID: 03fa71b4 @ Sun Aug  2 14:55:53 UTC 2026
// 同步 ID: 6d8bac2a @ Sun Aug  2 15:55:39 UTC 2026
// 同步 ID: 6d9bfad8 @ Tue Aug  4 10:28:42 UTC 2026
// 同步 ID: b336507b @ Tue Aug  4 13:00:57 UTC 2026
